[23/07/2026 20:05:44] Licitacao 48120105900162025 - OK - 11 msgs no total, 0 novas
[23/07/2026 20:06:07] Licitacao 92964105000142026 - FALHA - Nenhuma mensagem detectada na pagina
[23/07/2026 20:06:30] Licitacao 92537305906772025 - FALHA - Nenhuma mensagem detectada na pagina
[23/07/2026 20:06:53] Licitacao 45769705900062026 - FALHA - Nenhuma mensagem detectada na pagina
[23/07/2026 20:07:16] Licitacao 20005005900022026 - FALHA - Nenhuma mensagem detectada na pagina
[23/07/2026 20:07:39] Licitacao 92669705900162026 - FALHA - Nenhuma mensagem detectada na pagina
[23/07/2026 20:08:03] Licitacao 13503105900092026 - FALHA - Nenhuma mensagem detectada na pagina
[23/07/2026 20:08:27] Licitacao 20012505900022026 - OK - 11 msgs no total, 0 novas
[23/07/2026 20:12:48] Licitacao 48120105900162025 - OK - 11 msgs no total, 0 novas
[23/07/2026 20:13:11] Licitacao 92964105000142026 - FALHA - Nenhuma mensagem detectada na pagina
[23/07/2026 20:13:35] Licitacao 92537305906772025 - FALHA - Nenhuma mensagem detectada na pagina
[23/07/2026 20:13:58] Licitacao 45769705900062026 - FALHA - Nenhuma mensagem detectada na pagina
[23/07/2026 20:19:02] Licitacao 48120105900162025 - OK - 11 msgs no total, 0 novas
[23/07/2026 20:19:25] Licitacao 92964105000142026 - FALHA - Nenhuma mensagem detectada na pagina
[23/07/2026 20:19:48] Licitacao 92537305906772025 - FALHA - Nenhuma mensagem detectada na pagina
[23/07/2026 20:22:43] Licitacao 48120105900162025 - OK - 11 msgs no total, 0 novas
[23/07/2026 20:23:06] Licitacao 92964105000142026 - FALHA - Nenhuma mensagem detectada na pagina
[23/07/2026 20:23:29] Licitacao 92537305906772025 - FALHA - Nenhuma mensagem detectada na pagina
[23/07/2026 20:23:52] Licitacao 45769705900062026 - FALHA - Nenhuma mensagem detectada na pagina
[23/07/2026 20:24:15] Licitacao 20005005900022026 - FALHA - Nenhuma mensagem detectada na pagina
[23/07/2026 20:24:39] Licitacao 92669705900162026 - FALHA - Nenhuma mensagem detectada na pagina
[23/07/2026 20:25:02] Licitacao 13503105900092026 - FALHA - Nenhuma mensagem detectada na pagina
[23/07/2026 20:25:26] Licitacao 20012505900022026 - OK - 11 msgs no total, 0 novas
[23/07/2026 20:31:48] UASG 090012 — Pregão 90001/2026 (ID 09001205900012026) - OK - 11 msgs no total, 0 novas
[23/07/2026 20:32:11] UASG 254422 — Pregão 90004/2026 (ID 25442205900042026) - OK - 11 msgs no total, 0 novas
[23/07/2026 20:32:35] UASG 986001 — Pregão 90234/2026 (ID 98600105902342026) - OK - 11 msgs no total, 0 novas
[23/07/2026 20:32:59] UASG 154046 — Pregão 90008/2025 (ID 15404605900082025) - OK - 11 msgs no total, 5 novas
[23/07/2026 20:33:22] UASG 060028 — Pregão 90003/2025 (ID 06002805900032025) - OK - 11 msgs no total, 0 novas
[23/07/2026 20:33:46] UASG 194064 — Pregão 90002/2025 (ID 19406405900022025) - OK - 11 msgs no total, 0 novas
[23/07/2026 20:34:09] UASG 980034 — Pregão 90040/2025 (ID 98003405900402025) - OK - 11 msgs no total, 0 novas
[23/07/2026 20:34:33] UASG 255000 — Pregão 90038/2025 (ID 25500005900382025) - OK - 11 msgs no total, 0 novas
[23/07/2026 20:34:57] UASG 925899 — Pregão 90024/2025 (ID 92589905900242025) - OK - 11 msgs no total, 0 novas
[23/07/2026 20:35:20] UASG 183023 — Pregão 90024/2025 (ID 18302305900242025) - OK - 11 msgs no total, 0 novas
[23/07/2026 20:35:44] UASG 080018 — Pregão 90021/2025 (ID 08001805900212025) - FALHA - Nenhuma mensagem detectada na pagina
[23/07/2026 20:36:08] UASG 275078 — Pregão 90018/2025 (ID 27507805900182025) - OK - 11 msgs no total, 0 novas
[23/07/2026 20:36:32] UASG 030100 — Pregão 90100/2025 (ID 03010005901002025) - OK - 11 msgs no total, 0 novas
[23/07/2026 20:36:56] UASG 984123 — Pregão 90081/2025 (ID 98412305900812025) - OK - 11 msgs no total, 0 novas
[23/07/2026 20:37:20] UASG 120641 — Pregão 90051/2025 (ID 12064105900512025) - OK - 11 msgs no total, 0 novas
[23/07/2026 20:37:44] UASG 980788 — Pregão 90049/2025 (ID 98078805900492025) - OK - 11 msgs no total, 0 novas
[23/07/2026 20:38:08] UASG 925603 — Pregão 90049/2025 (ID 92560305900492025) - OK - 11 msgs no total, 4 novas
[23/07/2026 20:38:31] UASG 158144 — Pregão 90046/2025 (ID 15814405900462025) - OK - 11 msgs no total, 0 novas
[23/07/2026 20:38:55] UASG 154069 — Pregão 90046/2025 (ID 15406905900462025) - OK - 11 msgs no total, 10 novas
[23/07/2026 20:39:18] UASG 987493 — Pregão 90185/2025 (ID 98749305901852025) - OK - 11 msgs no total, 0 novas
[23/07/2026 20:39:42] UASG 925373 — Pregão 90181/2025 (ID 92537305901812025) - OK - 11 msgs no total, 0 novas
[23/07/2026 20:40:06] UASG 988383 — Pregão 90176/2025 (ID 98838305901762025) - OK - 11 msgs no total, 0 novas
[23/07/2026 20:40:30] UASG 986969 — Pregão 90146/2025 (ID 98696905901462025) - OK - 11 msgs no total, 2 novas
[23/07/2026 20:40:53] UASG 030100 — Pregão 90104/2025 (ID 03010005901042025) - OK - 11 msgs no total, 0 novas
[23/07/2026 20:41:17] UASG 925302 — Pregão 90213/2025 (ID 92530205902132025) - OK - 11 msgs no total, 0 novas
[23/07/2026 20:41:40] UASG 986969 — Pregão 90194/2025 (ID 98696905901942025) - OK - 11 msgs no total, 0 novas
[23/07/2026 20:42:04] UASG 070008 — Pregão 90001/2026 (ID 07000805900012026) - OK - 11 msgs no total, 0 novas
[23/07/2026 20:42:28] UASG 060029 — Pregão 90001/2026 (ID 06002905900012026) - OK - 11 msgs no total, 0 novas
[23/07/2026 20:42:52] UASG 928658 — Pregão 91911/2025 (ID 92865805919112025) - OK - 11 msgs no total, 0 novas
[23/07/2026 20:43:15] UASG 943001 — Pregão 91372/2025 (ID 94300105913722025) - OK - 11 msgs no total, 0 novas
[23/07/2026 20:43:39] UASG 943001 — Pregão 91054/2025 (ID 94300105910542025) - OK - 11 msgs no total, 0 novas
[23/07/2026 20:44:03] UASG 193002 — Pregão 90001/2026 (ID 19300205900012026) - OK - 11 msgs no total, 0 novas
[23/07/2026 20:44:26] UASG 130062 — Pregão 90001/2026 (ID 13006205900012026) - OK - 11 msgs no total, 0 novas
[23/07/2026 20:44:50] UASG 926690 — Pregão 90001/2026 (ID 92669005900012026) - OK - 11 msgs no total, 0 novas
[23/07/2026 20:45:13] UASG 925538 — Pregão 90001/2026 (ID 92553805900012026) - OK - 11 msgs no total, 0 novas
[23/07/2026 20:45:37] UASG 925153 — Pregão 90001/2026 (ID 92515305900012026) - OK - 11 msgs no total, 0 novas
[23/07/2026 20:46:00] UASG 040001 — Pregão 90001/2026 (ID 04000105900012026) - OK - 11 msgs no total, 0 novas
[23/07/2026 20:46:24] UASG 989801 — Pregão 90001/2026 (ID 98980105900012026) - OK - 11 msgs no total, 0 novas
[23/07/2026 20:46:47] UASG 988383 — Pregão 90001/2026 (ID 98838305900012026) - OK - 11 msgs no total, 4 novas
[23/07/2026 20:47:11] UASG 983873 — Pregão 90001/2026 (ID 98387305900012026) - OK - 11 msgs no total, 0 novas
[23/07/2026 20:47:35] UASG 933182 — Pregão 90001/2026 (ID 93318205900012026) - OK - 11 msgs no total, 0 novas
[23/07/2026 20:47:58] UASG 932211 — Pregão 90001/2026 (ID 93221105900012026) - OK - 11 msgs no total, 0 novas
[23/07/2026 20:48:22] UASG 928987 — Pregão 90001/2026 (ID 92898705900012026) - OK - 11 msgs no total, 0 novas
[23/07/2026 20:48:45] UASG 153063 — Pregão 90002/2026 (ID 15306305900022026) - OK - 11 msgs no total, 0 novas
[23/07/2026 20:49:09] UASG 153061 — Pregão 90002/2026 (ID 15306105900022026) - OK - 11 msgs no total, 1 novas
[23/07/2026 20:49:32] UASG 152756 — Pregão 90002/2026 (ID 15275605900022026) - OK - 11 msgs no total, 0 novas
[23/07/2026 20:49:57] UASG 090023 — Pregão 90002/2026 (ID 09002305900022026) - OK - 11 msgs no total, 1 novas
[23/07/2026 20:50:24] UASG 060030 — Pregão 90002/2026 (ID 06003005900022026) - OK - 11 msgs no total, 0 novas
[23/07/2026 20:50:47] UASG 158469 — Pregão 90002/2026 (ID 15846905900022026) - OK - 11 msgs no total, 3 novas
[23/07/2026 20:51:11] UASG 130010 — Pregão 90002/2026 (ID 13001005900022026) - OK - 11 msgs no total, 0 novas
[23/07/2026 20:51:34] UASG 120632 — Pregão 90002/2026 (ID 12063205900022026) - OK - 11 msgs no total, 4 novas
[23/07/2026 20:51:58] UASG 987905 — Pregão 90002/2026 (ID 98790505900022026) - OK - 11 msgs no total, 0 novas
[23/07/2026 20:52:21] UASG 980005 — Pregão 90002/2026 (ID 98000505900022026) - OK - 11 msgs no total, 0 novas
[23/07/2026 20:52:45] UASG 926947 — Pregão 90002/2026 (ID 92694705900022026) - OK - 11 msgs no total, 0 novas
[23/07/2026 20:53:09] UASG 925000 — Pregão 90002/2026 (ID 92500005900022026) - OK - 11 msgs no total, 1 novas
[23/07/2026 20:53:32] UASG 925869 — Pregão 90003/2026 (ID 92586905900032026) - OK - 11 msgs no total, 0 novas
[23/07/2026 20:53:56] UASG 925377 — Pregão 90003/2026 (ID 92537705900032026) - OK - 11 msgs no total, 0 novas
[23/07/2026 20:54:19] UASG 532401 — Pregão 90003/2026 (ID 53240105900032026) - OK - 11 msgs no total, 0 novas
[23/07/2026 20:54:42] UASG 510180 — Pregão 90003/2026 (ID 51018005900032026) - FALHA - Nenhuma mensagem detectada na pagina
[23/07/2026 20:55:06] UASG 389260 — Pregão 90003/2026 (ID 38926005900032026) - FALHA - Nenhuma mensagem detectada na pagina
[23/07/2026 20:55:30] UASG 250031 — Pregão 90003/2026 (ID 25003105900032026) - OK - 11 msgs no total, 0 novas
[23/07/2026 20:55:53] UASG 200100 — Pregão 90003/2026 (ID 20010005900032026) - OK - 11 msgs no total, 0 novas
[23/07/2026 20:56:17] UASG 153029 — Pregão 90003/2026 (ID 15302905900032026) - OK - 11 msgs no total, 0 novas
[23/07/2026 20:56:40] UASG 040001 — Pregão 90004/2026 (ID 04000105900042026) - OK - 11 msgs no total, 0 novas
[23/07/2026 20:57:04] UASG 987183 — Pregão 90003/2026 (ID 98718305900032026) - OK - 11 msgs no total, 0 novas
[23/07/2026 20:57:27] UASG 926526 — Pregão 90003/2026 (ID 92652605900032026) - OK - 11 msgs no total, 10 novas
[23/07/2026 20:57:51] UASG 925075 — Pregão 90004/2026 (ID 92507505900042026) - OK - 11 msgs no total, 0 novas
[23/07/2026 20:58:14] UASG 925002 — Pregão 90004/2026 (ID 92500205900042026) - OK - 11 msgs no total, 0 novas
[23/07/2026 20:58:38] UASG 180131 — Pregão 90004/2026 (ID 18013105900042026) - OK - 11 msgs no total, 0 novas
[23/07/2026 20:59:02] UASG 170214 — Pregão 90004/2026 (ID 17021405900042026) - OK - 11 msgs no total, 0 novas
[23/07/2026 20:59:25] UASG 160523 — Pregão 90004/2026 (ID 16052305900042026) - OK - 11 msgs no total, 0 novas
[23/07/2026 20:59:49] UASG 070008 — Pregão 90004/2026 (ID 07000805900042026) - OK - 11 msgs no total, 0 novas
[23/07/2026 21:00:12] UASG 257051 — Pregão 90005/2026 (ID 25705105900052026) - OK - 11 msgs no total, 0 novas
[23/07/2026 21:00:36] UASG 927919 — Pregão 90004/2026 (ID 92791905900042026) - OK - 11 msgs no total, 1 novas
[23/07/2026 21:01:00] UASG 154048 — Pregão 90006/2026 (ID 15404805900062026) - OK - 11 msgs no total, 10 novas
[23/07/2026 21:01:23] UASG 135015 — Pregão 90006/2026 (ID 13501505900062026) - OK - 11 msgs no total, 0 novas
[23/07/2026 21:09:04] ID 48120105900162025 (ID 48120105900162025) - OK - 2 msgs no total, 0 novas
[23/07/2026 21:11:12] UASG 110161 — Pregão 90006/2026 (ID 11016105900062026) - OK - 11 msgs no total, 0 novas
[23/07/2026 21:11:22] UASG 102401 — Pregão 90006/2026 (ID 10240105900062026) - OK - 11 msgs no total, 11 novas
[23/07/2026 21:11:32] UASG 987225 — Pregão 90005/2026 (ID 98722505900052026) - FALHA - Nenhuma mensagem detectada na pagina
[23/07/2026 21:11:41] UASG 986681 — Pregão 90005/2026 (ID 98668105900052026) - FALHA - Nenhuma mensagem detectada na pagina
